// Vitest Snapshot v1, https://vitest.dev/guide/snapshot.html

exports[`EmptyState component > renders title without optional props 1`] = `
<div
  class="flex flex-col items-center justify-center gap-4 rounded-lg border border-dashed border-muted-foreground/30 bg-muted/10 px-6 py-16 text-center"
>
  <div
    class="space-y-2"
  >
    <h2
      class="text-xl font-semibold text-foreground"
    >
      Tidak ada data
    </h2>
  </div>
</div>
`;
